[htmldemo.net/shome/shome/index.html]
[backblue.gif]
[fade.gif]
[index.html]
[htmldemo.net/shome/shome/assets/img/favicon.ico]
[htmldemo.net/shome/shome/assets/css/bootstrap.min.css]
[htmldemo.net/shome/shome/assets/css/font-awesome.min.css]
[htmldemo.net/shome/shome/assets/css/pe-icon-7-stroke.css]
[htmldemo.net/shome/shome/assets/css/swiper.min.css]
[htmldemo.net/shome/shome/assets/css/fancybox.min.css]
[htmldemo.net/shome/shome/assets/css/aos.min.css]
[htmldemo.net/shome/shome/assets/css/style.css]
[htmldemo.net/shome/shome/account-login.html]
[htmldemo.net/shome/shome/assets/img/logo.webp]
[htmldemo.net/shome/shome/assets/img/logo-light.webp]
[htmldemo.net/shome/shome/shop-wishlist.html]
[htmldemo.net/shome/shome/index-two.html]
[htmldemo.net/shome/shome/about-us.html]
[htmldemo.net/shome/shome/account.html]
[htmldemo.net/shome/shome/account-register.html]
[htmldemo.net/shome/shome/page-not-found.html]
[htmldemo.net/shome/shome/shop-three-columns.html]
[htmldemo.net/shome/shome/shop-four-columns.html]
[htmldemo.net/shome/shome/shop.html]
[htmldemo.net/shome/shome/shop-right-sidebar.html]
[htmldemo.net/shome/shome/single-normal-product.html]
[htmldemo.net/shome/shome/single-product.html]
[htmldemo.net/shome/shome/single-group-product.html]
[htmldemo.net/shome/shome/single-affiliate-product.html]
[htmldemo.net/shome/shome/shop-cart.html]
[htmldemo.net/shome/shome/shop-checkout.html]
[htmldemo.net/shome/shome/shop-compare.html]
[htmldemo.net/shome/shome/blog.html]
[htmldemo.net/shome/shome/blog-left-sidebar.html]
[htmldemo.net/shome/shome/blog-right-sidebar.html]
[htmldemo.net/shome/shome/blog-details-no-sidebar.html]
[htmldemo.net/shome/shome/blog-details-left-sidebar.html]
[htmldemo.net/shome/shome/blog-details.html]
[htmldemo.net/shome/shome/contact.html]
[htmldemo.net/shome/shome/assets/img/slider/slider-01.webp]
[htmldemo.net/shome/shome/assets/img/shape/3.webp]
[htmldemo.net/shome/shome/assets/img/slider/slider-03.webp]
[htmldemo.net/shome/shome/assets/img/shop/1.webp]
[htmldemo.net/shome/shome/assets/img/shop/2.webp]
[htmldemo.net/shome/shome/assets/img/shop/3.webp]
[htmldemo.net/shome/shome/assets/img/shop/4.webp]
[htmldemo.net/shome/shome/assets/img/shop/5.webp]
[htmldemo.net/shome/shome/assets/img/shop/6.webp]
[htmldemo.net/shome/shome/assets/img/shop/7.webp]
[htmldemo.net/shome/shome/assets/img/shop/8.webp]
[htmldemo.net/shome/shome/assets/img/shop/banner/1.webp]
[htmldemo.net/shome/shome/assets/img/shop/banner/2.webp]
[htmldemo.net/shome/shome/assets/img/blog/1.webp]
[htmldemo.net/shome/shome/assets/img/blog/2.webp]
[htmldemo.net/shome/shome/assets/img/blog/3.webp]
[htmldemo.net/shome/shome/assets/img/photos/payment-card.webp]
[htmldemo.net/shome/shome/assets/img/shop/product-single/1.webp]
[htmldemo.net/shome/shome/assets/img/shop/product-mini/1.webp]
[htmldemo.net/shome/shome/assets/img/shop/product-mini/2.webp]
[htmldemo.net/shome/shome/assets/img/photos/paypal.webp]
[htmldemo.net/shome/shome/assets/js/modernizr.js]
[htmldemo.net/shome/shome/assets/js/jquery-main.js]
[htmldemo.net/shome/shome/assets/js/jquery-migrate.js]
[htmldemo.net/shome/shome/assets/js/popper.min.js]
[htmldemo.net/shome/shome/assets/js/bootstrap.min.js]
[htmldemo.net/shome/shome/assets/js/jquery-ui.min.js]
[htmldemo.net/shome/shome/assets/js/swiper.min.js]
[htmldemo.net/shome/shome/assets/js/fancybox.min.js]
[htmldemo.net/shome/shome/assets/js/waypoint.js]
[htmldemo.net/shome/shome/assets/js/parallax.min.js]
[htmldemo.net/shome/shome/assets/js/aos.min.js]
[htmldemo.net/shome/shome/index.html]
[htmldemo.net/shome/shome/assets/css/bootstrap.min.css]
[htmldemo.net/shome/shome/assets/js/custom.js]
[htmldemo.net/shome/shome/assets/fonts/fontawesome-webfont3e6e.eot]
[htmldemo.net/shome/shome/assets/fonts/fontawesome-webfontd41d.eot]
[htmldemo.net/shome/shome/assets/fonts/fontawesome-webfont3e6e.woff2]
[htmldemo.net/shome/shome/assets/fonts/fontawesome-webfont3e6e.woff]
[htmldemo.net/shome/shome/assets/fonts/fontawesome-webfont3e6e.ttf]
[htmldemo.net/shome/shome/assets/css/font-awesome.min.css]
[htmldemo.net/shome/shome/assets/fonts/fontawesome-webfont3e6e.svg]
[htmldemo.net/shome/shome/assets/fonts/Pe-icon-7-strokebb1d.eot]
[htmldemo.net/shome/shome/assets/fonts/Pe-icon-7-stroked41d.eot]
[htmldemo.net/shome/shome/assets/fonts/Pe-icon-7-strokebb1d.woff]
[htmldemo.net/shome/shome/assets/fonts/Pe-icon-7-strokebb1d.ttf]
[htmldemo.net/shome/shome/assets/css/pe-icon-7-stroke.css]
[htmldemo.net/shome/shome/assets/css/swiper.min.css]
[htmldemo.net/shome/shome/assets/css/fancybox.min.css]
[htmldemo.net/shome/shome/assets/css/aos.min.css]
[htmldemo.net/shome/shome/assets/fonts/Pe-icon-7-strokebb1d.svg]
[htmldemo.net/shome/shome/assets/img/icons/cancel-white.webp]
[htmldemo.net/shome/shome/assets/img/icons/arrow.webp]
[htmldemo.net/shome/shome/assets/img/icons/bottom-arrow.webp]
[htmldemo.net/shome/shome/assets/img/icons/qcv-arrow-down.webp]
[htmldemo.net/shome/shome/assets/css/style.css]
[htmldemo.net/shome/shome/account-login.html]
[htmldemo.net/shome/shome/assets/img/shop/product-mini/3.webp]
[htmldemo.net/shome/shome/shop-wishlist.html]
[htmldemo.net/shome/shome/assets/img/photos/divider1.webp]
[htmldemo.net/shome/shome/assets/img/shape/4.webp]
[htmldemo.net/shome/shome/assets/img/shape/5.webp]
[htmldemo.net/shome/shome/assets/img/icons/1.webp]
[htmldemo.net/shome/shome/assets/img/icons/2.webp]
[htmldemo.net/shome/shome/assets/img/icons/3.webp]
[htmldemo.net/shome/shome/assets/img/icons/4.webp]
[htmldemo.net/shome/shome/assets/img/shape/6.webp]
[htmldemo.net/shome/shome/assets/img/shape/7.webp]
[htmldemo.net/shome/shome/assets/img/shape/8.webp]
[htmldemo.net/shome/shome/assets/img/shape/9.webp]
[htmldemo.net/shome/shome/assets/img/testimonial/1.webp]
[htmldemo.net/shome/shome/assets/img/icons/quote1.webp]
[htmldemo.net/shome/shome/assets/img/testimonial/2.webp]
[htmldemo.net/shome/shome/index-two.html]
[htmldemo.net/shome/shome/assets/img/about/1.webp]
[htmldemo.net/shome/shome/assets/img/team/1.webp]
[htmldemo.net/shome/shome/assets/img/team/2.webp]
[htmldemo.net/shome/shome/assets/img/team/3.webp]
[htmldemo.net/shome/shome/assets/img/team/4.webp]
[htmldemo.net/shome/shome/assets/img/shape/10.webp]
[htmldemo.net/shome/shome/assets/img/shape/11.webp]
[htmldemo.net/shome/shome/assets/img/shape/12.webp]
[htmldemo.net/shome/shome/assets/img/shape/17.webp]
[htmldemo.net/shome/shome/about-us.html]
[htmldemo.net/shome/shome/account.html]
[htmldemo.net/shome/shome/account-register.html]
[htmldemo.net/shome/shome/page-not-found.html]
[htmldemo.net/shome/shome/assets/img/shop/three-column/1.webp]
[htmldemo.net/shome/shome/assets/img/shop/three-column/2.webp]
[htmldemo.net/shome/shome/assets/img/shop/three-column/3.webp]
[htmldemo.net/shome/shome/assets/img/shop/three-column/4.webp]
[htmldemo.net/shome/shome/assets/img/shop/three-column/5.webp]
[htmldemo.net/shome/shome/assets/img/shop/three-column/6.webp]
[htmldemo.net/shome/shome/assets/img/shop/list-1.webp]
[htmldemo.net/shome/shome/assets/img/shop/list-2.webp]
[htmldemo.net/shome/shome/assets/img/shop/list-3.webp]
[htmldemo.net/shome/shome/assets/img/shop/list-4.webp]
[htmldemo.net/shome/shome/assets/img/shop/list-5.webp]
[htmldemo.net/shome/shome/assets/img/shop/list-6.webp]
[htmldemo.net/shome/shome/shop-three-columns.html]
[htmldemo.net/shome/shome/shop-four-columns.html]
[htmldemo.net/shome/shome/shop.html]
[htmldemo.net/shome/shome/shop-right-sidebar.html]
[htmldemo.net/shome/shome/assets/img/shop/product-single/2.webp]
[htmldemo.net/shome/shome/assets/img/shop/product-single/3.webp]
[htmldemo.net/shome/shome/assets/img/shop/product-single/4.webp]
[htmldemo.net/shome/shome/assets/img/shop/product-single/5.webp]
[htmldemo.net/shome/shome/assets/img/shop/product-single/nav-1.webp]
[htmldemo.net/shome/shome/assets/img/shop/product-single/nav-2.webp]
[htmldemo.net/shome/shome/assets/img/shop/product-single/nav-3.webp]
[htmldemo.net/shome/shome/assets/img/shop/product-single/nav-4.webp]
[htmldemo.net/shome/shome/assets/img/shop/product-single/nav-5.webp]
[htmldemo.net/shome/shome/single-normal-product.html]
[htmldemo.net/shome/shome/single-product.html]
[htmldemo.net/shome/shome/assets/img/shop/product-single/group1.webp]
[htmldemo.net/shome/shome/assets/img/shop/product-single/group2.webp]
[htmldemo.net/shome/shome/single-group-product.html]
[htmldemo.net/shome/shome/single-affiliate-product.html]
[htmldemo.net/shome/shome/shop-cart.html]
[htmldemo.net/shome/shome/assets/img/photos/paypal2.webp]
[htmldemo.net/shome/shome/shop-checkout.html]
[htmldemo.net/shome/shome/shop-compare.html]
[htmldemo.net/shome/shome/assets/img/blog/4.webp]
[htmldemo.net/shome/shome/assets/img/blog/5.webp]
[htmldemo.net/shome/shome/assets/img/blog/6.webp]
[htmldemo.net/shome/shome/blog.html]
[htmldemo.net/shome/shome/assets/img/blog/7.webp]
[htmldemo.net/shome/shome/assets/img/blog/8.webp]
[htmldemo.net/shome/shome/assets/img/blog/s1.webp]
[htmldemo.net/shome/shome/assets/img/blog/s2.webp]
[htmldemo.net/shome/shome/assets/img/blog/s3.webp]
[htmldemo.net/shome/shome/assets/img/blog/s4.webp]
[htmldemo.net/shome/shome/blog-left-sidebar.html]
[htmldemo.net/shome/shome/blog-right-sidebar.html]
[htmldemo.net/shome/shome/assets/img/blog/details1.webp]
[htmldemo.net/shome/shome/assets/img/icons/quote2.webp]
[htmldemo.net/shome/shome/assets/img/blog/details2.webp]
[htmldemo.net/shome/shome/assets/img/blog/author1.webp]
[htmldemo.net/shome/shome/assets/img/blog/author2.webp]
[htmldemo.net/shome/shome/assets/img/blog/author3.webp]
[htmldemo.net/shome/shome/blog-details-no-sidebar.html]
[htmldemo.net/shome/shome/blog-details-left-sidebar.html]
[htmldemo.net/shome/shome/blog-details.html]
[htmldemo.net/shome/shome/assets/img/shape/13.webp]
[htmldemo.net/shome/shome/assets/img/shape/15.webp]
[htmldemo.net/shome/shome/assets/img/shape/16.webp]
[htmldemo.net/shome/shome/assets/img/icons/c1.webp]
[htmldemo.net/shome/shome/assets/img/icons/c2.webp]
[htmldemo.net/shome/shome/assets/img/icons/c3.webp]
[htmldemo.net/shome/shome/contact.html]
[htmldemo.net/shome/shome/assets/fonts/fontawesome-webfont3e6e.svg]
[htmldemo.net/shome/shome/assets/fonts/Pe-icon-7-strokebb1d.svg]
